
> zenfy-pm@0.1.0 build
> next build

Γû▓ Next.js 16.2.0 (Turbopack)
- Environments: .env.local

node.exe : ΓÜá The "middleware" file convention is deprecated. Please use "proxy" instead. Learn more: 
https://nextjs.org/docs/messages/middleware-to-proxy
At line:1 char:1
+ & "C:\Program Files\nodejs/node.exe" "C:\Program Files\nodejs/node_mo ...
+ ~~~~~~~~~~~~~~~~~~~~~~~~~~~~~~~~~~~~~~~~~~~~~~~~~~~~~~~~~~~~~~~~~~~~~
    + CategoryInfo          : NotSpecified: (ΓÜá The "middle...leware-to-proxy:String) [], RemoteException
    + FullyQualifiedErrorId : NativeCommandError
 
  Creating an optimized production build ...
Γ£ô Compiled successfully in 6.9s
  Running TypeScript ...
  Finished TypeScript in 117ms ...
  Collecting page data using 3 workers ...
  Generating static pages using 3 workers (0/27) ...
  Generating static pages using 3 workers (6/27) 
  Generating static pages using 3 workers (13/27) 
  Generating static pages using 3 workers (20/27) 
Γ£ô Generating static pages using 3 workers (27/27) in 616ms
  Finalizing page optimization ...

Route (app)
Γöî Γùï /
Γö£ Γùï /_not-found
Γö£ Γùï /admin
Γö£ Γùï /admin/dashboard
Γö£ Γùï /admin/login
Γö£ Γùï /admin/orders
Γö£ ╞Æ /admin/orders/[id]
Γö£ Γùï /admin/products
Γö£ Γùï /admin/user-activity
Γö£ Γùï /alihaidersiteadminpage/dashboard
Γö£ Γùï /alihaidersiteadminpage/login
Γö£ Γùï /alihaidersiteadminpage/orders
Γö£ Γùï /alihaidersiteadminpage/products
Γö£ Γùï /alihaidersiteadminpage/user-activity
Γö£ ╞Æ /api/auth/check
Γö£ ╞Æ /api/auth/login
Γö£ ╞Æ /api/orders
Γö£ ╞Æ /api/orders/[id]
Γö£ ╞Æ /api/products
Γö£ ╞Æ /api/products/[id]
Γö£ Γùï /auth/register
Γö£ Γùï /cart
Γö£ Γùï /checkout
Γö£ Γùï /login
Γö£ Γùï /orders
Γö£ ╞Æ /product/[id]
Γö£ Γùï /products
Γö£ Γùï /register
Γöö Γùï /wishlist


╞Æ Proxy (Middleware)

Γùï  (Static)   prerendered as static content
╞Æ  (Dynamic)  server-rendered on demand

